{"bitbucket_password":"OU9tSklaWml6ZjNvMkJYL0hOb0oyZz09OjoiN\/TfkDfZRHwo7QXwnYEL","bitbucket_username":"johnkraczek","bitbucket_workspace":"ydtb-wp-packages"}{"bitbucket_password":"TzV6L0ZsYkdhekJxUVRsMFVyQk5xZz09OjrhEBr5CG2zn5nXyxCyDfVr","bitbucket_username":"johnkraczek","bitbucket_workspace":"ydtb-wp-packages"}{"bitbucket_username":"johnkraczek","bitbucket_workspace":"ydtb-wp-packages"}{"bitbucket_password":"WTRTL1NjOFBGUVNNMWVGbEdCcEw2dz09OjoF7l2z6fYYvumzO0gNeYbb","bitbucket_username":"johnkraczek","bitbucket_workspace":"ydtb-wp-packages"}fetched the current pw{"bitbucket_password":"WTRTL1NjOFBGUVNNMWVGbEdCcEw2dz09OjoF7l2z6fYYvumzO0gNeYbb","bitbucket_username":"johnkraczek","bitbucket_workspace":"ydtb-wp-packages"}{"bitbucket_password":"MmRraW45NVBxWk1MWTFvZDJXQzhUUT09Ojod6VCgpOMHGpHDYqYgnLiz","bitbucket_username":"johnkraczek","bitbucket_workspace":"ydtb-wp-packages"}{"bitbucket_password":"MmRraW45NVBxWk1MWTFvZDJXQzhUUT09Ojod6VCgpOMHGpHDYqYgnLiz","bitbucket_username":"johnkraczek","bitbucket_workspace":"ydtb-wp-packages"}{"bitbucket_password":"RVBoaFN1V0N3QjJCUy9VRGFNamtFdz09Ojpoi6wJq9adqL8cZ9gY+x0P","bitbucket_username":"johnkraczek","bitbucket_workspace":"ydtb-wp-packages"}{"bitbucket_password":"SU52S0JDQXFvSi9ycS9mNVRyNXZHUT09OjpZ333RAuW\/LbMH3r1A9F9w","bitbucket_username":"johnkraczek","bitbucket_workspace":"ydtb-wp-packages"}{"bitbucket_password":"WENwZ1dZNHFCeWRqTUVKbms5Y255TnNmRGtjejRtQTdlOEJaYVp4VW1VTnczazF0RDFzS3owd3JrTDhURm4vcDo6BMg8RicghGk4K3p70OgaQw==","bitbucket_username":"johnkraczek","bitbucket_workspace":"ydtb-wp-packages"}